// Jest Snapshot v1, https://goo.gl/fbAQLP

exports[`Form renders correctly 1`] = `
<DocumentFragment>
  <div
    class="tile main css-1d9ev5j"
  >
    <div
      class="wrapper"
      data-testid="create_opportunity_section"
    >
      <div
        class="title"
        data-testid="home_create_your_opportunity"
      >
        home_create_your_opportunity
      </div>
      <div
        class="subtitle"
        data-testid="home_become_a_distributor"
      >
        home_become_a_distributor
      </div>
      <p
        data-testid="home_becoming_unicity_distributor"
      >
        home_becoming_unicity_distributor
      </p>
      <div
        class="css-tw5y6q"
      >
        <form>
          <select
            data-testid="country"
          >
            <option
              value=""
            >
              home_select_country
            </option>
            <option
              value="AU"
            >
              Australia
            </option>
            <option
              value="AT"
            >
              Austria - Österreich
            </option>
            <option
              value="BH"
            >
              Bahrain
            </option>
            <option
              value="BE"
            >
              Belgium - Belgique / België
            </option>
            <option
              value="BG"
            >
              Bulgaria - България
            </option>
            <option
              value="KH"
            >
              Cambodia
            </option>
            <option
              value="CA"
            >
              Canada
            </option>
            <option
              value="CO"
            >
              Colombia
            </option>
            <option
              value="HR"
            >
              Croatia - Hrvatska
            </option>
            <option
              value="CY"
            >
              Cyprus - Κύπρος
            </option>
            <option
              value="CZ"
            >
              Czech Republic - Česká republika
            </option>
            <option
              value="DK"
            >
              Denmark
            </option>
            <option
              value="DO"
            >
              Dominican Republic
            </option>
            <option
              value="EE"
            >
              Estonia - Eesti
            </option>
            <option
              value="FI"
            >
              Finland - Suomi
            </option>
            <option
              value="FR"
            >
              France
            </option>
            <option
              value="DE"
            >
              Germany - Deutschland
            </option>
            <option
              value="GR"
            >
              Greece - Ελλάδα
            </option>
            <option
              value="HK"
            >
              Hong Kong
            </option>
            <option
              value="HU"
            >
              Hungary - Magyarország
            </option>
            <option
              value="IS"
            >
              Iceland - Ísland
            </option>
            <option
              value="IN"
            >
              India
            </option>
            <option
              value="IE"
            >
              Ireland - Éire
            </option>
            <option
              value="IT"
            >
              Italy - Italia
            </option>
            <option
              value="JP"
            >
              Japan - 日本
            </option>
            <option
              value="JO"
            >
              Jordan
            </option>
            <option
              value="KW"
            >
              Kuwait
            </option>
            <option
              value="LA"
            >
              Laos
            </option>
            <option
              value="LV"
            >
              Latvia - Latvija
            </option>
            <option
              value="LT"
            >
              Lithuania - Lietuva
            </option>
            <option
              value="LU"
            >
              Luxembourg - Lëtzebuerg
            </option>
            <option
              value="MY"
            >
              Malaysia
            </option>
            <option
              value="MT"
            >
              Malta - Malta
            </option>
            <option
              value="MX"
            >
              Mexico
            </option>
            <option
              value="MA"
            >
              Morocco - Maroc
            </option>
            <option
              value="NL"
            >
              Netherlands - Nederland
            </option>
            <option
              value="NZ"
            >
              New Zealand
            </option>
            <option
              value="NO"
            >
              Norway - Norge
            </option>
            <option
              value="OM"
            >
              Oman
            </option>
            <option
              value="PH"
            >
              Philippines
            </option>
            <option
              value="PL"
            >
              Poland
            </option>
            <option
              value="PT"
            >
              Portugal - Portugal
            </option>
            <option
              value="PR"
            >
              Puerto Rico
            </option>
            <option
              value="QA"
            >
              Qatar
            </option>
            <option
              value="RO"
            >
              Romania - România
            </option>
            <option
              value="SA"
            >
              Saudi Arabia
            </option>
            <option
              value="SG"
            >
              Singapore
            </option>
            <option
              value="SK"
            >
              Slovakia - Slovensko
            </option>
            <option
              value="SI"
            >
              Slovenia - Slovenija
            </option>
            <option
              value="KR"
            >
              South Korea
            </option>
            <option
              value="ES"
            >
              Spain - España
            </option>
            <option
              value="SE"
            >
              Sweden - Sverige
            </option>
            <option
              value="CH"
            >
              Switzerland - Schweiz
            </option>
            <option
              value="TW"
            >
              Taiwan
            </option>
            <option
              value="TH"
            >
              Thailand
            </option>
            <option
              value="TR"
            >
              Turkey
            </option>
            <option
              value="AE"
            >
              United Arab Emirates
            </option>
            <option
              value="GB"
            >
              United Kingdom
            </option>
            <option
              value="US"
            >
              United States
            </option>
            <option
              value="VN"
            >
              Vietnam
            </option>
          </select>
          <select
            data-testid="language"
          >
            <option
              value=""
            >
              home_select_language
            </option>
            <option
              value="en"
            >
              English
            </option>
          </select>
          <div
            class="enroller-id-wrapper"
            data-testid="home_enroller_wrapper"
          >
            <input
              data-testid="enrollerId"
              placeholder="home_enroller"
            />
            <div
              class="enrollerName"
              data-testid="enroller_name"
            />
          </div>
          <div
            class="sponsor-checkbox"
          >
            <input
              id="useSponsor"
              name="useSponsor"
              type="checkbox"
            />
            <label
              data-testid="home_sponsor_different_enroller"
              for="useSponsor"
            >
              home_sponsor_different_enroller
            </label>
          </div>
          <button
            data-testid="home_get_started"
            disabled=""
            id="start_enrollment"
            type="button"
          >
            home_get_started
          </button>
        </form>
      </div>
      <div
        class="upgrade-text"
      >
        <a
          aria-label="Upgrade your account"
          class="upgrade-link"
          href="/login"
        >
          <div>
            home_already_have_account 
            
            <br />
             home_upgrade_to_distributor
          </div>
        </a>
      </div>
    </div>
  </div>
</DocumentFragment>
`;
