// Jest Snapshot v1, https://goo.gl/fbAQLP

exports[`Avatar renders correctly with full name 1`] = `
<div
  class=MuiAvatar-root MuiAvatar-circular MuiAvatar-colorDefault css-XXXXX-MuiAvatar-root
>
  JD
</div>
`;
