// Jest Snapshot v1, https://goo.gl/fbAQLP

exports[`PageLoader matches snapshot 1`] = `
<div>
  <div
    data-testid="mock-box"
    sx="[object Object]"
  >
    <div
      data-testid="mock-circular-progress"
      sx="[object Object]"
      thickness="5"
    />
  </div>
</div>
`;
