// Jest Snapshot v1, https://goo.gl/fbAQLP

exports[`Footer component matches snapshot 1`] = `
<footer
  class="footer css-13by3ua"
>
  <div
    class="top-wrapper"
  >
    <div
      class="top"
    >
      <div
        class="social"
      >
        <img
          alt="test-img"
          class="logo"
          data-testid="Unicity Logo"
          height="25"
          src="/svg/logo.svg"
          width="140"
        />
        <div
          class="social-links"
        >
          <a
            class="social-link"
            data-testid="footer_facebook_link"
            href="footer_facebook_link"
            rel="noreferrer"
            target="_blank"
          >
            <img
              alt="test-img"
              height="24"
              src="/svg/facebook.svg"
              width="24"
            />
          </a>
          <a
            class="social-link"
            data-testid="footer_twitter_link"
            href="footer_twitter_link"
            rel="noreferrer"
            target="_blank"
          >
            <img
              alt="test-img"
              height="24"
              src="/svg/x.svg"
              width="24"
            />
          </a>
          <a
            class="social-link"
            data-testid="footer_pintrest_link"
            href="footer_pintrest_link"
            rel="noreferrer"
            target="_blank"
          >
            <img
              alt="test-img"
              height="24"
              src="/svg/pintrest.svg"
              width="24"
            />
          </a>
          <a
            class="social-link"
            data-testid="footer_instagram_link"
            href="footer_instagram_link"
            rel="noreferrer"
            target="_blank"
          >
            <img
              alt="test-img"
              height="24"
              src="/svg/instagram.svg"
              width="24"
            />
          </a>
          <a
            class="social-link"
            data-testid="footer_youtube_link"
            href="footer_youtube_link"
            rel="noreferrer"
            target="_blank"
          >
            <img
              alt="test-img"
              height="24"
              src="/svg/youtube.svg"
              width="24"
            />
          </a>
        </div>
      </div>
      <div
        class="sections"
      >
        <div
          class="section"
        >
          <p
            class="bolder"
            data-testid="footer_about"
          >
            footer_about
          </p>
          <a
            class="links"
            data-testid="footer_our_company_link"
            href="footer_our_company_link"
            rel="noreferrer"
            target="_blank"
          >
            <div>
              footer_our_company
            </div>
          </a>
          <a
            class="links"
            data-testid="footer_science_link"
            href="footer_science_link"
            rel="noreferrer"
            target="_blank"
          >
            <div>
              footer_science
            </div>
          </a>
          <a
            class="links"
            data-testid="footer_unicity_blog_link"
            href="footer_unicity_blog_link"
            rel="noreferrer"
            target="_blank"
          >
            <div>
              footer_unicity_blog
            </div>
          </a>
        </div>
        <div
          class="section"
        >
          <p
            class="bolder"
            data-testid="footer_customer_support"
          >
            footer_customer_support
          </p>
          <a
            class="links"
            data-testid="footer_contact_us_link"
            href="footer_contact_us_link"
            rel="noreferrer"
            target="_blank"
          >
            <div>
              footer_contact_us
            </div>
          </a>
        </div>
      </div>
    </div>
  </div>
  <div
    class=MuiGrid-root MuiGrid-container bottom css-XXXXX-MuiGrid-root
  >
    <div
      class="bottom-items"
    >
      <div
        class="copyright"
        data-testid="copyright_label"
      >
        Â© 2024 Copyright Unicity International, Inc. All Rights Reserved.
      </div>
      <div
        class="policy-container"
      >
        <div>
          <a
            class="policy"
            data-testid="footer_privacy_policy_link"
            href="footer_privacy_policy"
            rel="noreferrer"
            target="_blank"
          >
            footer_privacy_policy
          </a>
          <span
            class="separator"
          >
            |
          </span>
        </div>
        <div>
          <a
            class="policy"
            data-testid="footer_terms_of_use_link"
            href="footer_terms_of_use"
            rel="noreferrer"
            target="_blank"
          >
            footer_terms_of_use
          </a>
        </div>
      </div>
    </div>
    <div
      data-testid="branch-name"
    >
      BranchName
    </div>
  </div>
</footer>
`;
